// Jest Snapshot v1, https://goo.gl/fbAQLP

exports[`DurationDropDown renders the same way every time 1`] = `
<button
  aria-label="Open Drop"
  className="StyledButton-sc-323bzc-0 fJlAlc Select__StyledSelectDropButton-sc-17idtfo-2 gbKWcB"
  onBlur={[Function]}
  onClick={[Function]}
  onFocus={[Function]}
  onKeyDown={[Function]}
  onMouseOut={[Function]}
  onMouseOver={[Function]}
  type="button"
>
  <div
    className="StyledBox-sc-13pk1d4-0 fXagjJ"
  >
    <div
      className="StyledBox-sc-13pk1d4-0 fREhmO"
    >
      <div
        className="StyledTextInput__StyledTextInputContainer-sc-1x30a0s-1 kYQCpm"
      >
        <input
          autoComplete="off"
          className="StyledTextInput-sc-1x30a0s-0 defKuP Select__SelectTextInput-sc-17idtfo-0 lmyIUy"
          onBlur={[Function]}
          onFocus={[Function]}
          onKeyDown={[Function]}
          readOnly={true}
          tabIndex="-1"
          type="text"
          value=""
        />
      </div>
    </div>
    <div
      className="StyledBox-sc-13pk1d4-0 dDjwWo"
      style={
        Object {
          "minWidth": "auto",
        }
      }
    >
      <svg
        aria-label="FormDown"
        className="StyledIcon-sc-ofa7kd-0 YhzyJ"
        viewBox="0 0 24 24"
      >
        <path
          d="m18 9-6 6-6-6"
          fill="none"
          stroke="#000"
          strokeWidth="2"
        />
      </svg>
    </div>
  </div>
</button>
`;
